[www.fimfiction.net/index.html]
[backblue.gif]
[fade.gif]
[index.html]
[static.fimfiction.net/images/favicon45c4.png]
[static.fimfiction.net/css/light6820.css]
[static.fimfiction.net/css/dark4837.css]
[static.fimfiction.net/js/scripts486a.js]
[pagead2.googlesyndication.com/pagead/js/f.txt]
[static.fimfiction.net/images/logo-2x.png]
[www.fimfiction.net/stories.html]
[www.fimfiction.net/stories1686.html]
[www.fimfiction.net/storiesf561.html]
[www.fimfiction.net/storiesefc0.html]
[www.fimfiction.net/stories3ccc.html]
[www.fimfiction.net/stories8854.html]
[www.fimfiction.net/stories6f02.html]
[www.fimfiction.net/stories7542.html]
[www.fimfiction.net/stories5086.html]
[www.fimfiction.net/stories06af.html]
[www.fimfiction.net/stories6679.html]
[www.fimfiction.net/storiese7c7.html]
[www.fimfiction.net/stories08ed.html]
[www.fimfiction.net/stories60fe.html]
[www.fimfiction.net/storiesbd81.html]
[www.fimfiction.net/stories1cc9.html]
[www.fimfiction.net/stories3047.html]
[www.fimfiction.net/storieseba2.html]
[www.fimfiction.net/storiesf2ae.html]
[www.fimfiction.net/storiesad11.html]
[www.fimfiction.net/stories8d93.html]
[www.fimfiction.net/stories2bdf.html]
[www.fimfiction.net/stories8ef1.html]
[www.fimfiction.net/stories4e91.html]
[www.fimfiction.net/stories48f5.html]
[www.fimfiction.net/stories5955.html]
[www.fimfiction.net/storiesb1ea.html]
[www.fimfiction.net/storiesdcb9.html]
[www.fimfiction.net/tags.html]
[www.fimfiction.net/tags8a53.html]
[www.fimfiction.net/tags/series.html]
[www.fimfiction.net/tags/characters.html]
[www.fimfiction.net/news.html]
[www.fimfiction.net/faq.html]
[www.fimfiction.net/staff.html]
[www.fimfiction.net/login.html]
[www.fimfiction.net/register.html]
[www.fimfiction.net/groups.html]
[www.fimfiction.net/groups6f7b.html]
[www.fimfiction.net/manage/local-settings.html]
[www.fimfiction.net/rules.html]
[www.fimfiction.net/bbcode.html]
[www.fimfiction.net/tag-information.html]
[www.fimfiction.net/writing-guide.html]
[www.fimfiction.net/privacy-policy.html]
[www.fimfiction.net/licenses.html]
[www.fimfiction.net/chat.html]
[www.fimfiction.net/stories7ef6.html]
[www.fimfiction.net/stories919a.html]
[www.fimfiction.net/stories9684.html]
[www.fimfiction.net/stories6a83.html]
[www.fimfiction.net/storiesb2cf.html]
[www.fimfiction.net/stories55c6.html]
[www.fimfiction.net/storiesae1a.html]
[www.fimfiction.net/stories3af2.html]
[www.fimfiction.net/storiese2f1.html]
[www.fimfiction.net/stories7f01.html]
[www.fimfiction.net/storiesa904.html]
[www.fimfiction.net/stories0fbe.html]
[www.fimfiction.net/storiesc927.html]
[www.fimfiction.net/stories82cc.html]
[www.fimfiction.net/stories2d18.html]
[www.fimfiction.net/storiescb9b.html]
[www.fimfiction.net/stories0135.html]
[www.fimfiction.net/storiesd82e.html]
[www.fimfiction.net/search/blog-posts.html]
[www.fimfiction.net/search/users.html]
[www.fimfiction.net/blog/806280/sa-reviews-126.html]
[www.fimfiction.net/user/144/Wanderer+D.html]
[www.fimfiction.net/blog/805991/s8e5-grannies-gone-wild.html]
[www.fimfiction.net/user/1/knighty.html]
[www.fimfiction.net/blog/805824/dromicosuchus-the-rise-and-fall-of-the-dark-lord-sassaflash-royal-canterlot-library.html]
[www.fimfiction.net/user/923/PresentPerfect.html]
[www.fimfiction.net/blog/804894/s8e4-fake-it-til-you-make-it.html]
[www.fimfiction.net/blog/804749/bookish-delights-being-juniper-montage-royal-canterlot-library.html]
[www.fimfiction.net/story/401417/batsy-fluftentuft-the-magnificent-gets-outagain.html]
[www.fimfiction.net/user/138711/Sollace.html]
[www.fimfiction.net/story/405050/cherry-blossoms.html]
[www.fimfiction.net/user/13133/ElementOfFaith.html]
[www.fimfiction.net/story/405404/librarian-twilight-tries-to-befriend-a-newcomer-to-equestria-but-hes-geralt-the-white-wolf-and-doesnt-really-get-friendship.html]
[www.fimfiction.net/user/43202/SoloBrony.html]
[www.fimfiction.net/story/406258/the-city-that-breathes.html]
[www.fimfiction.net/user/92239/Pearple+Prose.html]
[www.fimfiction.net/story/406546/stop-the-rain.html]
[www.fimfiction.net/user/324747/GravityDefyingCoffeeMug.html]
[www.fimfiction.net/story/406720/good-morning-rarity.html]
[www.fimfiction.net/user/116128/RarityEQM.html]
[www.fimfiction.net/story/404647/guy-talk.html]
[www.fimfiction.net/user/142980/Jay+David.html]
[www.fimfiction.net/story/247087/the-whittler.html]
[www.fimfiction.net/user/2538/ROBCakeran53.html]
[www.fimfiction.net/story/406772/filly-anon-catches-a-pokemon.html]
[www.fimfiction.net/user/72053/Admiral+Biscuit.html]
[www.fimfiction.net/story/406617/trappings-of-the-mind.html]
[www.fimfiction.net/user/90636/Das+Panzer.html]
[www.fimfiction.net/story/406751/is-this-it.html]
[www.fimfiction.net/user/326318/PapierSam.html]
[www.fimfiction.net/story/406441/minor-relapse.html]
[www.fimfiction.net/user/186892/Soufriere.html]
[www.fimfiction.net/story/406207/august-in-black.html]
[www.fimfiction.net/user/287683/ST4RSK1MM3R.html]
[www.fimfiction.net/story/402702/the-perfect-shot.html]
[www.fimfiction.net/story/404873/from-the-bushes.html]
[www.fimfiction.net/story/406677/second-thoughts.html]
[www.fimfiction.net/tag/mlp-fim.html]
[www.fimfiction.net/tag/dark.html]
[www.fimfiction.net/tag/horror.html]
[www.fimfiction.net/tag/tragedy.html]
[www.fimfiction.net/tag/twilight-sparkle.html]
[www.fimfiction.net/user/319617/President+Dead.html]
[www.fimfiction.net/story/406722/twilight-sparkle-at-the-gate-of-heavenly-peace.html]
[www.fimfiction.net/tag/sex.html]
[www.fimfiction.net/tag/violence.html]
[www.fimfiction.net/tag/death.html]
[www.fimfiction.net/tag/adventure.html]
[www.fimfiction.net/tag/mystery.html]
[www.fimfiction.net/tag/thriller.html]
[www.fimfiction.net/tag/original-character.html]
[www.fimfiction.net/user/866/Cold+in+Gardez.html]
[www.fimfiction.net/story/402654/where-were-you-discord.html]
[www.fimfiction.net/tag/mlp-movie.html]
[www.fimfiction.net/tag/random.html]
[www.fimfiction.net/tag/slice-of-life.html]
[www.fimfiction.net/tag/fluttershy.html]
[www.fimfiction.net/tag/discord.html]
[www.fimfiction.net/user/15386/PoisonClaw.html]
[www.fimfiction.net/story/406710/deaths-door.html]
[www.fimfiction.net/tag/comedy.html]
[www.fimfiction.net/tag/pinkie-pie.html]
[www.fimfiction.net/tag/other.html]
[www.fimfiction.net/user/267654/Doctor+Disco.html]
[www.fimfiction.net/story/405609/all-roads-lead-to-rome.html]
[www.fimfiction.net/tag/equestria-girls.html]
[www.fimfiction.net/tag/sad.html]
[www.fimfiction.net/tag/sunset-shimmer.html]
[www.fimfiction.net/tag/adagio-dazzle.html]
[www.fimfiction.net/user/18567/CGPH.html]
[www.fimfiction.net/story/406386/my-dreaming-ends.html]
[www.fimfiction.net/tag/warcraft.html]
[www.fimfiction.net/tag/crossover.html]
[www.fimfiction.net/tag/spike.html]
[www.fimfiction.net/tag/princess-celestia.html]
[www.fimfiction.net/tag/princess-luna.html]
[www.fimfiction.net/tag/main-6.html]
[www.fimfiction.net/tag/starlight-glimmer.html]
[www.fimfiction.net/user/121263/shinigamisparda.html]
[www.fimfiction.net/story/332096/the-makers-reject.html]
[www.fimfiction.net/tag/drama.html]
[www.fimfiction.net/tag/alternate-universe.html]
[www.fimfiction.net/user/49989/The+Albinocorn.html]
[www.fimfiction.net/story/112431/taken-in.html]
[www.fimfiction.net/user/46822/Speedy+Quill.html]
[www.fimfiction.net/story/400268/freeport-venture-city-of-giants.html]
[www.fimfiction.net/tag/daring-do.html]
[www.fimfiction.net/tag/changelings.html]
[www.fimfiction.net/user/8028/Ponibius.html]
[www.fimfiction.net/story/389896/my-little-planeswalker-glimmering-oil.html]
[www.fimfiction.net/tag/profanity.html]
[www.fimfiction.net/tag/human.html]
[www.fimfiction.net/tag/main-7-eqg.html]
[www.fimfiction.net/user/34571/Zennistrad.html]
[www.fimfiction.net/stories4fca.html]
[www.fimfiction.net/story/406723/the-brothers-adventure-3.html]
[www.fimfiction.net/tag/romance.html]
[www.fimfiction.net/tag/pinkie-pie-eqg.html]
[www.fimfiction.net/user/299684/lightningman.html]
[www.fimfiction.net/tag/rainbow-dash.html]
[www.fimfiction.net/tag/rarity.html]
[www.fimfiction.net/story/406787/war-games.html]
[www.fimfiction.net/tag/tempest-shadow.html]
[www.fimfiction.net/user/300986/Darkstarling.html]
[www.fimfiction.net/tag/photo-finish.html]
[www.fimfiction.net/story/406775/clockwork-dreams.html]
[www.fimfiction.net/user/19924/Dark0592.html]
[www.fimfiction.net/tag/pokemon.html]
[www.fimfiction.net/tag/second-person.html]
[www.fimfiction.net/tag/anon.html]
[www.fimfiction.net/story/406757/baking-badass-the-methamphetamine-of-crossover-story-collections.html]
[www.fimfiction.net/tag/narcotics.html]
[www.fimfiction.net/tag/cranky-doodle-donkey.html]
[www.fimfiction.net/user/132852/Justice3442.html]
[www.fimfiction.net/story/406752/flight-to-nowhere.html]
[www.fimfiction.net/tag/scifi.html]
[www.fimfiction.net/user/318909/computerneek.html]
[www.fimfiction.net/story/405425/horizons-adventure.html]
[www.fimfiction.net/user/323463/Alicorn21.html]
[www.fimfiction.net/tag/bat-pony.html]
[www.fimfiction.net/story/367357/dragontec.html]
[www.fimfiction.net/tag/dragons.html]
[www.fimfiction.net/user/267277/Greengrayguy.html]
[www.fimfiction.net/story/406253/we-might-look-like-a-couple.html]
[www.fimfiction.net/tag/gummy.html]
[www.fimfiction.net/user/306744/Yumyums23.html]
[www.fimfiction.net/story/405520/shadowbolt-harmony-division.html]
[www.fimfiction.net/tag/gore.html]
[www.fimfiction.net/user/290630/Rainium.html]
[www.fimfiction.net/story/403381/shadow-insecticide.html]
[www.fimfiction.net/tag/queen-chrysalis.html]
[www.fimfiction.net/tag/king-sombra.html]
[www.fimfiction.net/user/321939/MoonshadowLuna330.html]
[www.fimfiction.net/story/385285/a-rather-large-adventure.html]
[www.fimfiction.net/user/308684/BradyBunch.html]
[www.fimfiction.net/story/358743/guard-flutter.html]
[www.fimfiction.net/tag/mare-do-well.html]
[www.fimfiction.net/tag/tank.html]
[www.fimfiction.net/tag/wonderbolts.html]
[www.fimfiction.net/user/5716/Impossible+Numbers.html]
[www.fimfiction.net/story/406450/trespassers-journey.html]
[www.fimfiction.net/tag/anthro.html]
[www.fimfiction.net/user/260710/Blackdust.html]
[www.fimfiction.net/story/401516/flash-sentry-crystal-darkness.html]
[www.fimfiction.net/tag/flash-sentry.html]
[www.fimfiction.net/user/284583/Banshee531.html]
[www.fimfiction.net/story/243126/apologies-arent-always-enough.html]
[www.fimfiction.net/user/84049/SadisticFluttershy.html]
[www.fimfiction.net/story/311131/chromabloom.html]
[www.fimfiction.net/tag/apple-bloom.html]
[www.fimfiction.net/user/35509/Red+Does+Reviewing.html]
[www.fimfiction.net/story/403841/the-new-dawn-of-the-setting-sun.html]
[www.fimfiction.net/tag/suicide-self-harm.html]
[www.fimfiction.net/tag/scootaloo.html]
[www.fimfiction.net/tag/trixie.html]
[www.fimfiction.net/tag/principal-celestia.html]
[www.fimfiction.net/tag/vice-principal-luna.html]
[www.fimfiction.net/user/319036/Crazed+Werewolf.html]
[www.fimfiction.net/story/403605/robots-are-magic.html]
[www.fimfiction.net/tag/princess-cadance.html]
[www.fimfiction.net/user/317572/GundamFan101.html]
[www.fimfiction.net/story/405948/the-adventures-of-flesh-and-bone.html]
[www.fimfiction.net/user/218208/Meep+the+Changeling.html]
[www.fimfiction.net/story/404453/bedridden-bonbon.html]
[www.fimfiction.net/tag/lyra.html]
[www.fimfiction.net/tag/bonbon.html]
[www.fimfiction.net/tag/nurse-redheart.html]
[www.fimfiction.net/user/324889/DexThePony.html]
[www.fimfiction.net/story/344728/a-lost-crystal-gem---the-story-of-sunset-and-how-she-became-spinel.html]
[www.fimfiction.net/tag/steven-universe.html]
[www.fimfiction.net/tag/twilight-sparkle-eqg.html]
[www.fimfiction.net/user/11065/ratedoni.html]
[www.fimfiction.net/statistics.html]
[www.fimfiction.net/index.html]
[www.fimfiction.net/user/11771/Xaquseg.html]
[static.fimfiction.net/images/embed/gfycat.png]
[static.fimfiction.net/images/icons/txt.png]
[static.fimfiction.net/images/icons/html.png]
[static.fimfiction.net/images/icons/epub.png]
[static.fimfiction.net/images/icons/error.png]
[static.fimfiction.net/images/icons/tick.png]
[static.fimfiction.net/images/tags/header-background.png]
[static.fimfiction.net/css/images/user_cp_section_arrow.png]
[static.fimfiction.net/css/images/footer_background.png]
[static.fimfiction.net/images/icons/password.png]
[static.fimfiction.net/images/icons/user.png]
[static.fimfiction.net/images/icons/mail.png]
[static.fimfiction.net/images/icons/search.png]
[static.fimfiction.net/css/light6820.css]
[static.fimfiction.net/css/dark4837.css]
[www.fimfiction.net/search-help.html]
[www.fimfiction.net/storiesc666.html]
[www.fimfiction.net/stories696b.html]
[www.fimfiction.net/storiesec64.html]
[www.fimfiction.net/stories752d.html]
[www.fimfiction.net/tag/teen.html]
[www.fimfiction.net/tag/everyone.html]
[www.fimfiction.net/tag/doctor-whooves.html]
[www.fimfiction.net/tag/cutie-mark-crusaders.html]
[www.fimfiction.net/tag/derpy-hooves.html]
[www.fimfiction.net/tag/dinky-hooves.html]
[www.fimfiction.net/group/38/sad.html]
[www.fimfiction.net/group/225/slice-of-life.html]
[www.fimfiction.net/group/497/short-stories.html]
[www.fimfiction.net/group/824/twilights-library.html]
[www.fimfiction.net/group/198349/heartwarming.html]
[www.fimfiction.net/group/198979/the-rated-everyone-stories-group.html]
[www.fimfiction.net/group/199765/my-reading-list.html]
[www.fimfiction.net/group/208641/the-lazy-readers-library]
[www.fimfiction.net/group/209029/cutie-marked-crusaders.html]
[www.fimfiction.net/group/210835/margaritos-libary]
[www.fimfiction.net/story/stats/406723.html]
[www.fimfiction.net/search/blog-posts864f.html]
[www.fimfiction.net/story/download/406723/The Brother's Adventure 3.txt]
[www.fimfiction.net/story/download/406723/The Brother's Adventure 3.html]
[www.fimfiction.net/story/download/406723/the-brothers-adventure-3.epub_;]
[www.fimfiction.net/stories8569.html]
[www.fimfiction.net/story/406723/1/the-brothers-adventure-3/chapter-1---dealing-with-the-scorpions.html]
[www.fimfiction.net/chapters/download/1195262/The Brother's Adventure 3 ( Chapter 1 - Chapter 1 - Dealing with the Scorpions ).txt]
[www.fimfiction.net/chapters/download/1195262/The Brother's Adventure 3 ( Chapter 1 - Chapter 1 - Dealing with the Scorpions ).html]
[www.fimfiction.net/story/stats/406751.html]
[www.fimfiction.net/search/blog-posts97bc.html]
[www.fimfiction.net/story/download/406751/Is This It.txt]
[www.fimfiction.net/story/download/406751/Is This It.html]
[www.fimfiction.net/story/download/406751/is-this-it.epub_;]
[www.fimfiction.net/stories44cc.html]
[www.fimfiction.net/story/406751/1/is-this-it/chapter-1-lies-on-the-seaside.html]
[www.fimfiction.net/chapters/download/1195361/Is This It ( Chapter 1 - Chapter %i%_ Lies on the Seaside ).txt]
[www.fimfiction.net/chapters/download/1195361/Is This It ( Chapter 1 - Chapter %i%_ Lies on the Seaside ).html]
[www.fimfiction.net/story/stats/406787.html]
[www.fimfiction.net/search/blog-postse897.html]
[www.fimfiction.net/story/download/406787/War Games.txt]
[www.fimfiction.net/story/download/406787/War Games.html]
[www.fimfiction.net/story/download/406787/war-games.epub_;]
[www.fimfiction.net/story/406787/1/war-games/1---falling-pebbles-on-a-mountain.html]
[www.fimfiction.net/chapters/download/1195463/War Games ( Chapter 1 - %i% - Falling Pebbles on a Mountain ).txt]
[www.fimfiction.net/chapters/download/1195463/War Games ( Chapter 1 - %i% - Falling Pebbles on a Mountain ).html]
[www.fimfiction.net/story/stats/402702.html]
[www.fimfiction.net/search/blog-posts9c9a.html]
[www.fimfiction.net/story/download/402702/The Perfect Shot.txt]
[www.fimfiction.net/story/download/402702/The Perfect Shot.html]
[www.fimfiction.net/story/download/402702/the-perfect-shot.epub_;]
[www.fimfiction.net/blog/614810/my-equestria-girls-continuity.html]
[www.fimfiction.net/story/402702/1/the-perfect-shot/the-perfect-shot.html]
[www.fimfiction.net/chapters/download/1188038/The Perfect Shot ( Chapter 1 - The Perfect Shot ).txt]
[www.fimfiction.net/chapters/download/1188038/The Perfect Shot ( Chapter 1 - The Perfect Shot ).html]
[www.fimfiction.net/story/stats/406775.html]
[www.fimfiction.net/search/blog-postsf083.html]
[www.fimfiction.net/story/download/406775/Clockwork Dreams.txt]
[www.fimfiction.net/story/download/406775/Clockwork Dreams.html]
[www.fimfiction.net/story/download/406775/clockwork-dreams.epub_;]
[www.fimfiction.net/story/406775/1/clockwork-dreams/prologue-she-sleeps.html]
[www.fimfiction.net/chapters/download/1195453/Clockwork Dreams ( Chapter 1 - Prologue_ She Sleeps ).txt]
[www.fimfiction.net/chapters/download/1195453/Clockwork Dreams ( Chapter 1 - Prologue_ She Sleeps ).html]
[www.fimfiction.net/story/stats/406772.html]
[www.fimfiction.net/search/blog-posts5079.html]
[www.fimfiction.net/story/download/406772/Filly Anon Catches a Pokemon.txt]
[www.fimfiction.net/story/download/406772/Filly Anon Catches a Pokemon.html]
[www.fimfiction.net/story/download/406772/filly-anon-catches-a-pokemon.epub_;]
[www.fimfiction.net/story/406772/1/filly-anon-catches-a-pokemon/mightyena.html]
[www.fimfiction.net/chapters/download/1195424/Filly Anon Catches a Pokemon ( Chapter 1 - Mightyena ).txt]
[www.fimfiction.net/chapters/download/1195424/Filly Anon Catches a Pokemon ( Chapter 1 - Mightyena ).html]
[www.fimfiction.net/story/stats/406757.html]
[www.fimfiction.net/search/blog-posts1d9b.html]
[www.fimfiction.net/story/download/406757/Baking Badass_ The Methamphetamine of Crossover Story Collections.txt]
[www.fimfiction.net/story/download/406757/Baking Badass_ The Methamphetamine of Crossover Story Collections.html]
[www.fimfiction.net/story/download/406757/baking-badass-the-methamphetamine-of-crossover-story-collections.epub_;]
[www.fimfiction.net/story/406191/not-another-anon-a-miss-fic.html]
[www.fimfiction.net/user/235196/Nova+Quill.html]
[www.fimfiction.net/user/157664/Tired+Old+Man.html]
[www.fimfiction.net/story/406757/1/baking-badass-the-methamphetamine-of-crossover-story-collections/im-not-figuring-out-a-pun-or-andrew-w-k-song-title-for-this-dons-shades-deal-with-it.html]
[www.fimfiction.net/chapters/download/1195396/Baking Badass_ The Methamphetamine of Crossover Story Collections ( Chapter 1 - I'm not figuring out a pun or Andrew W. K. song title for this, (dons shades) deal w]
[www.fimfiction.net/chapters/download/1195396/Baking Badass_ The Methamphetamine of Crossover Story Collections ( Chapter 1 - I'm not figuring out a pun or Andrew W. K-2. song title for this, (dons shades) deal w]
[static.fimfiction.net/images/none_64.png]
[www.fimfiction.net/story/stats/406752.html]
[www.fimfiction.net/search/blog-posts0976.html]
[www.fimfiction.net/story/download/406752/Flight to Nowhere.txt]
[www.fimfiction.net/story/download/406752/Flight to Nowhere.html]
[www.fimfiction.net/story/download/406752/flight-to-nowhere.epub_;]
[www.fimfiction.net/stories.html]
[www.fimfiction.net/user/320653/Thiz.html]
[www.fimfiction.net/stories1686.html]
[www.fimfiction.net/storiesf561.html]
[www.fimfiction.net/storiesefc0.html]
[www.fimfiction.net/stories3ccc.html]
[www.fimfiction.net/stories8854.html]
[www.fimfiction.net/stories6f02.html]
